<?xml version="1.0" encoding="UTF-8"?>
<db:article xmlns:db="http://docbook.org/ns/docbook" xmlns:xlink="http://www.w3.org/1999/xlink" version="5.2" xml:lang="en">
<db:info>
<db:title>CppCar Class</db:title>
<db:productname>QML nativetype synopsis test</db:productname>
<db:titleabbrev>QML nativetype synopsis test Reference Documentation</db:titleabbrev>
<db:abstract>
<db:para>A test class with an inventive name.</db:para>
</db:abstract>
</db:info>
<db:variablelist>
<db:varlistentry>
<db:term>Header</db:term>
<db:listitem>
<db:para>CppCar</db:para>
</db:listitem>
</db:varlistentry>
<db:varlistentry>
<db:term>In QML</db:term>
<db:listitem>
<db:para><db:link xlink:href="qml-qmlnativetypesynopsis-car.xml" xlink:role="">Car</db:link> and <db:link xlink:href="qml-qmlnativetypesynopsis-truck.xml" xlink:role="">Truck</db:link></db:para>
</db:listitem>
</db:varlistentry>
</db:variablelist>
<db:section xml:id="details">
<db:title>Detailed Description</db:title>
</db:section>
</db:article>
