<?xml version="1.0" encoding="UTF-8"?>
<db:article xmlns:db="http://docbook.org/ns/docbook" xmlns:xlink="http://www.w3.org/1999/xlink" version="5.2" xml:lang="en">
<db:info>
<db:title></db:title>
<db:productname>QML nativetype synopsis test</db:productname>
<db:titleabbrev>QML nativetype synopsis test Reference Documentation</db:titleabbrev>
<db:abstract>
<db:para>QML nativetype synopsis test Reference Documentation.</db:para></db:abstract>
</db:info>
<db:anchor xml:id="details"/>
<db:variablelist role="members">
<db:varlistentry>
<db:term><db:link xlink:href="qml-qmlnativetypesynopsis-car.xml" xlink:role="">Car</db:link></db:term>
<db:listitem>
<db:para>A car.</db:para>
</db:listitem>
</db:varlistentry>
<db:varlistentry>
<db:term><db:link xlink:href="qml-qmlnativetypesynopsis-truck.xml" xlink:role="">Truck</db:link></db:term>
<db:listitem>
<db:para>A big car.</db:para>
</db:listitem>
</db:varlistentry>
</db:variablelist>
</db:article>
