<?xml version="1.0" encoding="UTF-8"?>
<db:article xmlns:db="http://docbook.org/ns/docbook" xmlns:xlink="http://www.w3.org/1999/xlink" version="5.2" xml:lang="en">
<db:info>
<db:title></db:title>
<db:productname>OutputFromQDocFiles</db:productname>
<db:edition>OutputFromQDocFiles - A test project for QDoc build artifacts</db:edition>
<db:titleabbrev>A test project for QDoc build artifacts</db:titleabbrev>
<db:abstract>
<db:para>A test project for QDoc build artifacts.</db:para></db:abstract>
</db:info>
<db:para><db:link xlink:href=""></db:link></db:para>
</db:article>
