<!DOCTYPE html>
<html lang="en">
<head>
  <meta charset="utf-8">
<!-- README.qdoc -->
  <title>README | A minimal QDoc configuration</title>
</head>
<body>
<div class="sidebar"><div class="sidebar-content" id="sidebar-content"></div></div>
<h1 class="title">README</h1>
<!-- $$$readme.html-description -->
<div class="descr" id="details">
<p>This test is for a minimal .qdocconf file.</p>
</div>
<!-- @@@readme.html -->
</body>
</html>
