<!DOCTYPE html>
<html lang="en">
<head>
  <meta charset="utf-8">
<!-- cppcar.cpp -->
  <meta name="description" content="A big car.">
  <title>List of All Members for Truck | QML nativetype synopsis test</title>
</head>
<body>
<li>Truck</li>
<div class="sidebar"><div class="sidebar-content" id="sidebar-content"></div></div>
<h1 class="title" translate="no">List of All Members for Truck</h1>
<p>This is the complete list of members for <a href="qml-qmlnativetypesynopsis-truck.html">Truck</a>, including inherited members.</p>
</body>
</html>
