<!DOCTYPE html>
<html lang="en">
<head>
  <meta charset="utf-8">
<!-- cppcar.cpp -->
  <title>QML nativetype synopsis test</title>
</head>
<body>
<div class="sidebar"><div class="sidebar-content" id="sidebar-content"></div></div>
<!-- $$$QmlNativeTypeSynopsis-description -->
<div class="descr" id="details">
</div>
<!-- @@@QmlNativeTypeSynopsis -->
<div class="table"><table class="annotated">
<tr class="odd topAlign"><td class="tblName" translate="no"><p><a href="qml-qmlnativetypesynopsis-car.html">Car</a></p></td><td class="tblDescr"><p>A car</p></td></tr>
<tr class="even topAlign"><td class="tblName" translate="no"><p><a href="qml-qmlnativetypesynopsis-truck.html">Truck</a></p></td><td class="tblDescr"><p>A big car</p></td></tr>
</table></div>
</body>
</html>
