<!DOCTYPE html>
<html lang="en">
<head>
  <meta charset="utf-8">
<!-- qdoctests-outputfromqdocfiles.qdoc -->
  <title>OutputFromQDocFiles</title>
</head>
<body>
<div class="sidebar"><div class="sidebar-content" id="sidebar-content"></div></div>
<!-- $$$crash.html-description -->
<div class="descr" id="details">
<p></p>
</div>
<!-- @@@crash.html -->
</body>
</html>
