<?xml version="1.0" encoding="UTF-8"?>
<db:article xmlns:db="http://docbook.org/ns/docbook" xmlns:xlink="http://www.w3.org/1999/xlink" xmlns:its="http://www.w3.org/2005/11/its" version="5.2" xml:lang="en">
<db:info>
<db:title>Classes</db:title>
<db:productname>Test</db:productname>
<db:titleabbrev>A test project for QDoc build artifacts</db:titleabbrev>
<db:abstract>
<db:para>A test project for QDoc build artifacts.</db:para></db:abstract>
</db:info>
<db:variablelist role="annotatedclasses">
<db:varlistentry>
<db:term><db:link xlink:href="seenclass.xml" xlink:role="class">SeenClass</db:link></db:term>
<db:listitem>
<db:para>A public but undocumented class.</db:para>
</db:listitem>
</db:varlistentry>
<db:varlistentry>
<db:term><db:link xlink:href="testqdoc-test.xml" xlink:role="class">TestQDoc::Test</db:link></db:term>
<db:listitem>
<db:para>A class in a namespace.</db:para>
</db:listitem>
</db:varlistentry>
<db:varlistentry>
<db:term><db:link xlink:href="testqdoc-testderived.xml" xlink:role="class">TestQDoc::TestDerived</db:link></db:term>
<db:listitem>
<db:para>A class in a namespace, derived from Test.</db:para>
</db:listitem>
</db:varlistentry>
</db:variablelist>
</db:article>
