<!DOCTYPE html>
<html lang="en">
<head>
  <meta charset="utf-8">
<!-- AbstractApplicationWindow.qml -->
  <title>AbstractApplicationWindow QML Type | Qml Namespaces</title>
</head>
<body>
<li>AbstractApplicationWindow</li>
<div class="sidebar">
<div class="toc">
<h3 id="toc">Contents</h3>
<ul>
<li class="level1"><a href="#details">Detailed Description</a></li>
</ul>
</div>
<div class="sidebar-content" id="sidebar-content"></div></div>
<h1 class="title" translate="no">AbstractApplicationWindow QML Type</h1>
<div class="table"><table class="alignedsummary requisites" translate="no">
<tr><td class="memItemLeft rightAlign topAlign"> Import Statement:</td><td class="memItemRight bottomAlign"> <code translate="no">import Some.Module</code></td></tr>
<tr><td class="memItemLeft rightAlign topAlign"> Inherits:</td><td class="memItemRight bottomAlign"> <p><a href="qml-qtquick-controls-applicationwindow.html" translate="no">ApplicationWindow</a> (QtQuick.Controls)</p>
</td></tr>
<tr><td class="memItemLeft rightAlign topAlign"> Inherited By:</td><td class="memItemRight bottomAlign"> <p><a href="qml-some-module-applicationwindow.html" translate="no">ApplicationWindow</a> (Some.Module)</p>
</td></tr>
</table></div>
<ul>
<li><a href="qml-some-module-abstractapplicationwindow-members.html">List of all members, including inherited members</a></li>
</ul>
<!-- $$$AbstractApplicationWindow-description -->
<h2 id="details">Detailed Description</h2>
<p>A window that provides some basic features needed for all apps.</p>
<!-- @@@AbstractApplicationWindow -->
</body>
</html>
