<!DOCTYPE html>
<html lang="en">
<head>
  <meta charset="utf-8">
<!-- modules.qdoc -->
  <title>AbstractApplicationWindow QML Type | Qml Namespaces</title>
</head>
<body>
<li>AbstractApplicationWindow</li>
<div class="sidebar">
<div class="toc">
<h3 id="toc">Contents</h3>
<ul>
<li class="level1"><a href="#details">Detailed Description</a></li>
</ul>
</div>
<div class="sidebar-content" id="sidebar-content"></div></div>
<h1 class="title" translate="no">AbstractApplicationWindow QML Type</h1>
<div class="table"><table class="alignedsummary requisites" translate="no">
<tr><td class="memItemLeft rightAlign topAlign"> Import Statement:</td><td class="memItemRight bottomAlign"> <code translate="no">import QtQuick.Controls</code></td></tr>
</table></div>
<ul>
<li><a href="qml-qtquick-controls-abstractapplicationwindow-members.html">List of all members, including inherited members</a></li>
</ul>
<!-- $$$AbstractApplicationWindow-description -->
<h2 id="details">Detailed Description</h2>
<!-- @@@AbstractApplicationWindow -->
</body>
</html>
