<!DOCTYPE html>
<html lang="en">
<head>
  <meta charset="utf-8">
<!-- ApplicationWindow.qml -->
  <meta name="description" content="A window that provides some basic features needed for all apps.">
  <title>List of All Members for ApplicationWindow | Qml Namespaces</title>
</head>
<body>
<li>ApplicationWindow</li>
<div class="sidebar"><div class="sidebar-content" id="sidebar-content"></div></div>
<h1 class="title" translate="no">List of All Members for ApplicationWindow</h1>
<p>This is the complete list of members for <a href="qml-some-module-applicationwindow.html">ApplicationWindow</a>, including inherited members.</p>
</body>
</html>
