<!DOCTYPE html>
<html lang="en">
<head>
  <meta charset="utf-8">
<!-- modules.qdoc -->
  <title>Qml Namespaces</title>
</head>
<body>
<div class="sidebar"><div class="sidebar-content" id="sidebar-content"></div></div>
<!-- $$$Some.Module-description -->
<div class="descr" id="details">
</div>
<!-- @@@Some.Module -->
<div class="table"><table class="annotated">
<tr class="odd topAlign"><td class="tblName" translate="no"><p><a href="qml-some-module-abstractapplicationwindow.html">AbstractApplicationWindow</a></p></td></tr>
<tr class="even topAlign"><td class="tblName" translate="no"><p><a href="qml-some-module-applicationwindow.html">ApplicationWindow</a></p></td><td class="tblDescr"><p>A window that provides some basic features needed for all apps</p></td></tr>
</table></div>
</body>
</html>
