<!DOCTYPE html>
<html lang="en">
<head>
  <meta charset="utf-8">
<!-- class.cpp -->
  <title>QmlEnumValuesFromCpp</title>
</head>
<body>
<div class="sidebar">
<div class="toc">
<h3 id="toc">Contents</h3>
<ul>
<li class="level1"><a href="#namespaces">Namespaces</a></li>
<li class="level1"><a href="#classes">Classes</a></li>
<li class="level1"><a href="#details">Detailed Description</a></li>
</ul>
</div>
<div class="sidebar-content" id="sidebar-content"></div></div>
<h2 id="classes">Classes</h2>
<div class="table"><table class="annotated">
<tr class="odd topAlign"><td class="tblName" translate="no"><p><a href="class.html">Class</a></p></td></tr>
</table></div>
<!-- $$$Module-description -->
<div class="descr" id="details">
</div>
<!-- @@@Module -->
</body>
</html>
