<!DOCTYPE html>
<html lang="en">
<head>
  <meta charset="utf-8">
<!-- qmltype.qdoc -->
  <title>List of All Members for Type | QmlEnumValuesFromCpp</title>
</head>
<body>
<li>Type</li>
<div class="sidebar"><div class="sidebar-content" id="sidebar-content"></div></div>
<h1 class="title" translate="no">List of All Members for Type</h1>
<p>This is the complete list of members for <a href="qml-qmlmodule-type.html">Type</a>, including inherited members.</p>
<ul>
<li class="fn" translate="no"><b><a href="qml-qmlmodule-type.html#something-prop" translate="no">something</a></b> : enumeration</li>
<li class="fn" translate="no"><b><a href="qml-qmlmodule-type.html#values-prop" translate="no">values</a></b> : enumeration</li>
</ul>
</body>
</html>
