<!DOCTYPE html>
<html lang="en">
<head>
  <meta charset="utf-8">
<!-- templated_callables.cpp -->
  <title>List of All Members for TemplatedClass | templatedcallables</title>
</head>
<body>
<li>TemplatedClass</li>
<div class="sidebar"><div class="sidebar-content" id="sidebar-content"></div></div>
<h1 class="title" translate="no">List of All Members for TemplatedClass</h1>
<p>This is the complete list of members for <a href="templatedclass.html">TemplatedClass</a>, including inherited members.</p>
<ul>
<li class="fn" translate="no"><span class="name"><b><a href="templatedclass.html#templated_method_with_defaulted_non_type_template_parameter" translate="no">templated_method_with_defaulted_non_type_template_parameter</a></b></span>()</li>
<li class="fn" translate="no"><span class="name"><b><a href="templatedclass.html#templated_method_with_defaulted_template_template_parameter" translate="no">templated_method_with_defaulted_template_template_parameter</a></b></span>(Container&lt;U, size&gt;)</li>
<li class="fn" translate="no"><span class="name"><b><a href="templatedclass.html#templated_method_with_defaulted_type_template_parameter" translate="no">templated_method_with_defaulted_type_template_parameter</a></b></span>(U)</li>
<li class="fn" translate="no"><span class="name"><b><a href="templatedclass.html#templated_method_with_non_type_template_parameter" translate="no">templated_method_with_non_type_template_parameter</a></b></span>()</li>
<li class="fn" translate="no"><span class="name"><b><a href="templatedclass.html#templated_method_with_non_type_template_parameter_pack" translate="no">templated_method_with_non_type_template_parameter_pack</a></b></span>()</li>
<li class="fn" translate="no"><span class="name"><b><a href="templatedclass.html#templated_method_with_placeholder_non_type_template_parameter" translate="no">templated_method_with_placeholder_non_type_template_parameter</a></b></span>()</li>
<li class="fn" translate="no"><span class="name"><b><a href="templatedclass.html#templated_method_with_template_template_parameter" translate="no">templated_method_with_template_template_parameter</a></b></span>(X&lt;U&gt;)</li>
<li class="fn" translate="no"><span class="name"><b><a href="templatedclass.html#templated_method_with_template_template_parameter_pack" translate="no">templated_method_with_template_template_parameter_pack</a></b></span>(Container&lt;U&gt;...)</li>
<li class="fn" translate="no"><span class="name"><b><a href="templatedclass.html#templated_method_with_type_template_parameter" translate="no">templated_method_with_type_template_parameter</a></b></span>(U)</li>
<li class="fn" translate="no"><span class="name"><b><a href="templatedclass.html#templated_method_with_type_template_parameter_pack" translate="no">templated_method_with_type_template_parameter_pack</a></b></span>(Ts...)</li>
</ul>
</body>
</html>
