<!DOCTYPE html>
<html lang="en">
<head>
  <meta charset="utf-8">
<!-- foo.qdoc -->
  <title>Bar Class | ClassRelates</title>
</head>
<body>
<li><a href="foo-module.html" translate="no">Foo</a></li>
<li>Bar</li>
<div class="sidebar">
<div class="toc">
<h3 id="toc">Contents</h3>
<ul>
<li class="level1"><a href="#related-non-members">Related Non-Members</a></li>
<li class="level1"><a href="#details">Detailed Description</a></li>
</ul>
</div>
<div class="sidebar-content" id="sidebar-content"></div></div>
<h1 class="title" translate="no">Bar Class</h1>
<span class="small-subtitle" translate="no">class <a href="foo-module.html" translate="no">Foo</a>::Bar</span>
<div class="table"><table class="alignedsummary requisites" translate="no">
<tr><td class="memItemLeft rightAlign topAlign"> Header:</td><td class="memItemRight bottomAlign"> <code translate="no">#include &lt;Bar&gt;</code></td></tr>
</table></div>
<h2 id="related-non-members">Related Non-Members</h2>
<div class="table"><table class="alignedsummary" translate="no">
<tr><td class="memItemLeft rightAlign topAlign"> Foo::Bar </td><td class="memItemRight bottomAlign"><b><a href="foo-bar.html#createBar" translate="no">createBar</a></b>()</td></tr>
</table></div>
<!-- $$$Bar-description -->
<div class="descr">
<h2 id="details">Detailed Description</h2>
</div>
<!-- @@@Bar -->
<div class="relnonmem">
<h2>Related Non-Members</h2>
<!-- $$$createBar[overload1]$$$createBar -->
<h3 class="fn" translate="no" id="createBar"><span class="type"><a href="foo-bar.html" translate="no">Foo::Bar</a></span> <span class="name">createBar</span>()</h3>
<p>Create a Bar</p>
<!-- @@@createBar -->
</div>
</body>
</html>
