<?xml version="1.0" encoding="UTF-8"?>
<db:article xmlns:db="http://docbook.org/ns/docbook" xmlns:xlink="http://www.w3.org/1999/xlink" xmlns:its="http://www.w3.org/2005/11/its" version="5.2" xml:lang="en">
<db:info>
<db:title its:translate="no">Type QML Type</db:title>
<db:productname>QmlEnumValuesFromCpp</db:productname>
<db:titleabbrev>QmlEnumValuesFromCpp Reference Documentation</db:titleabbrev>
<db:abstract>
<db:para>QmlEnumValuesFromCpp Reference Documentation.</db:para></db:abstract>
</db:info>
<db:variablelist its:translate="no">
<db:varlistentry>
<db:term>Import Statement</db:term>
<db:listitem>
<db:para>import QmlModule</db:para>
</db:listitem>
</db:varlistentry>
</db:variablelist>
<db:section xml:id="details">
<db:title>Detailed Description</db:title>
</db:section>
<db:section xml:id="property-documentation">
<db:title>Property Documentation</db:title>
<db:section xml:id="something-prop">
<db:title>something : enumeration</db:title>
<db:fieldsynopsis>
<db:type>enumeration</db:type>
<db:varname>something</db:varname>
<db:modifier>writable</db:modifier>
<db:synopsisinfo role="access">public</db:synopsisinfo>
<db:synopsisinfo role="status">active</db:synopsisinfo>
<db:synopsisinfo role="threadsafeness">unspecified</db:synopsisinfo>
</db:fieldsynopsis>
<db:informaltable>
<db:thead>
<db:tr>
<db:th>Constant</db:th>
<db:th>Description</db:th>
</db:tr>
</db:thead>
<db:tr>
<db:td>
<db:para its:translate="no">SomeType.Something</db:para>
</db:td>
<db:td>
<db:para>something</db:para>
</db:td>
</db:tr>
<db:tr>
<db:td>
<db:para its:translate="no">SomeType.Else</db:para>
</db:td>
<db:td>
<db:para>entirely</db:para>
</db:td>
</db:tr>
</db:informaltable>
</db:section>
<db:section xml:id="values-prop">
<db:title>values : enumeration</db:title>
<db:fieldsynopsis>
<db:type>enumeration</db:type>
<db:varname>values</db:varname>
<db:modifier>writable</db:modifier>
<db:synopsisinfo role="access">public</db:synopsisinfo>
<db:synopsisinfo role="status">active</db:synopsisinfo>
<db:synopsisinfo role="threadsafeness">unspecified</db:synopsisinfo>
</db:fieldsynopsis>
<db:para>You can even use these values in QML.</db:para>
<db:informaltable>
<db:thead>
<db:tr>
<db:th>Constant</db:th>
<db:th>Description</db:th>
</db:tr>
</db:thead>
<db:tr>
<db:td>
<db:para its:translate="no">Type.One</db:para>
</db:td>
<db:td>
<db:para>One value</db:para>
</db:td>
</db:tr>
<db:tr>
<db:td>
<db:para its:translate="no">Type.Two</db:para>
</db:td>
<db:td>
<db:para>2nd value</db:para>
</db:td>
</db:tr>
<db:tr>
<db:td>
<db:para its:translate="no">Type.Three</db:para>
</db:td>
<db:td>
<db:para>3rd value</db:para>
</db:td>
</db:tr>
</db:informaltable>
</db:section>
</db:section>
</db:article>
