<?xml version="1.0" encoding="UTF-8"?>
<db:article xmlns:db="http://docbook.org/ns/docbook" xmlns:xlink="http://www.w3.org/1999/xlink" xmlns:its="http://www.w3.org/2005/11/its" version="5.2" xml:lang="en">
<db:info>
<db:title its:translate="no"></db:title>
<db:productname>QmlEnumValuesFromCpp</db:productname>
<db:titleabbrev>QmlEnumValuesFromCpp Reference Documentation</db:titleabbrev>
<db:abstract>
<db:para>QmlEnumValuesFromCpp Reference Documentation.</db:para></db:abstract>
</db:info>
<db:anchor xml:id="details"/>
<db:itemizedlist role="members">
<db:listitem>
<db:para><db:link xlink:href="qml-qmlmodule-type.xml" xlink:role="">Type</db:link></db:para>
</db:listitem>
</db:itemizedlist>
</db:article>
