<?xml version="1.0" encoding="UTF-8"?>
<db:article xmlns:db="http://docbook.org/ns/docbook" xmlns:xlink="http://www.w3.org/1999/xlink" version="5.2" xml:lang="en">
<db:info>
<db:title>Attribution-2</db:title>
<db:productname>Attributions</db:productname>
<db:titleabbrev>Attributions Reference Documentation</db:titleabbrev>
<db:abstract>
<db:para>Public Domain.</db:para>
</db:abstract>
</db:info>
</db:article>
