<!DOCTYPE html>
<html lang="en">
<head>
  <meta charset="utf-8">
<!-- ProgressBar.qml -->
  <meta name="description" content="A component that shows the progress of an event.">
  <title>List of All Members for ProgressBar | Test 6.2.11</title>
</head>
<body>
<li><a href="qdoc-test-qmlmodule.html" translate="no">Types</a></li>
<li><a href="uicomponents-qmlmodule.html" translate="no">UIComponents</a></li>
<li>ProgressBar</li>
<div class="sidebar"><div class="sidebar-content" id="sidebar-content"></div></div>
<h1 class="title" translate="no">List of All Members for ProgressBar</h1>
<p>This is the complete list of members for <a href="qml-uicomponents-progressbar.html">ProgressBar</a>, including inherited members.</p>
<ul>
<li class="fn" translate="no"><b><a href="qml-uicomponents-progressbar.html#color-prop" translate="no">color</a></b> : color</li>
<li class="fn" translate="no"><b><a href="qml-uicomponents-progressbar.html#maximum-prop" translate="no">maximum</a></b> : int</li>
<li class="fn" translate="no"><b><a href="qml-uicomponents-progressbar.html#minimum-prop" translate="no">minimum</a></b> : int</li>
<li class="fn" translate="no"><b><a href="qml-uicomponents-progressbar.html#secondColor-prop" translate="no">secondColor</a></b> : color</li>
<li class="fn" translate="no"><b><a href="qml-uicomponents-progressbar.html#value-prop" translate="no">value</a></b> : int</li>
</ul>
</body>
</html>
