<!DOCTYPE html>
<html lang="en">
<head>
  <meta charset="utf-8">
<!-- parent.qdoc -->
  <meta name="description" content="Abstract base QML type.">
  <title>List of All Members for AbstractParent | Test 6.2.11</title>
</head>
<body>
<li><a href="qdoc-test-qmlmodule.html" translate="no">Types</a></li>
<li>AbstractParent</li>
<div class="sidebar"><div class="sidebar-content" id="sidebar-content"></div></div>
<h1 class="title" translate="no">List of All Members for AbstractParent</h1>
<p>This is the complete list of members for <a href="qml-qdoc-test-abstractparent.html">AbstractParent</a>, including inherited members.</p>
<ul>
<li class="fn" translate="no"><b><a href="qml-qdoc-test-abstractparent.html#children-prop" translate="no">children</a></b> : list&lt;Child&gt; [default]</li>
<li class="fn" translate="no"><b><a href="qml-qdoc-test-abstractparent.html#name-prop" translate="no">name</a></b> : string</li>
<li class="fn" translate="no">void <b><a href="qml-qdoc-test-abstractparent.html#name-method" translate="no">name</a></b>()</li>
<li class="fn" translate="no">void <b><a href="qml-qdoc-test-abstractparent.html#name-method-1" translate="no">name</a></b>(Child <i>child</i>, <i>name</i>)</li>
<li class="fn" translate="no">void <b><a href="qml-qdoc-test-abstractparent.html#rear-method" translate="no">rear</a></b>(Child <i>child</i>, var <i>method</i>)</li>
</ul>
</body>
</html>
