<!DOCTYPE html>
<html lang="en">
<head>
  <meta charset="utf-8">
<!-- properties.qdoc -->
  <title>List of All Members for TheType | Test 6.2.11</title>
</head>
<body>
<li><a href="qdoc-test-qmlmodule.html" translate="no">Types</a></li>
<li><a href="themodule-qmlmodule.html" translate="no">TheModule</a></li>
<li>TheType</li>
<div class="sidebar"><div class="sidebar-content" id="sidebar-content"></div></div>
<h1 class="title" translate="no">List of All Members for TheType</h1>
<p>This is the complete list of members for <a href="qml-themodule-thetype.html">TheType</a>, including inherited members.</p>
<ul>
<li class="fn" translate="no"><b><a href="qml-themodule-thetype.html#name-prop" translate="no">name</a></b> : string</li>
</ul>
</body>
</html>
