<!DOCTYPE html>
<html lang="en">
<head>
  <meta charset="utf-8">
<!-- Switch.qml -->
  <meta name="description" content="A component that can be turned on or off.">
  <title>List of All Members for Switch | Test 6.2.11</title>
</head>
<body>
<li><a href="qdoc-test-qmlmodule.html" translate="no">Types</a></li>
<li><a href="uicomponents-qmlmodule.html" translate="no">UIComponents</a></li>
<li>Switch</li>
<div class="sidebar"><div class="sidebar-content" id="sidebar-content"></div></div>
<h1 class="title" translate="no">List of All Members for Switch</h1>
<p>This is the complete list of members for <a href="qml-uicomponents-switch.html">Switch</a>, including inherited members.</p>
<ul>
<li class="fn" translate="no"><b><a href="qml-uicomponents-switch.html#on-prop" translate="no">on</a></b> : bool</li>
<li class="fn" translate="no"><b><a href="qml-uicomponents-switch.html#toggle-method" translate="no">toggle</a></b>()</li>
</ul>
</body>
</html>
