<!DOCTYPE html>
<html lang="en">
<head>
  <meta charset="utf-8">
<!-- cmaketest.qdoc -->
  <title>CMake Example Project | Test 6.2.11</title>
</head>
<body>
<h1 class="title">CMake Example Project</h1>
<pre class="cpp" translate="no">cmake_minimum_required(VERSION 3.16)
project (QDOCTEST)</pre>
