<!DOCTYPE html>
<html lang="en">
<head>
  <meta charset="utf-8">
<!-- hidden.qdoc -->
  <meta name="description" content="Tagged 'broken', does not appear in examples-manifest.xml.">
  <title>Hidden Demo | Test 6.2.11</title>
</head>
<body>
<div class="sidebar"><div class="sidebar-content" id="sidebar-content"></div></div>
<h1 class="title">Hidden Demo</h1>
<!-- $$$demos/hidden-brief -->
<p>Tagged 'broken', does not appear in examples-manifest.xml.</p>
<!-- @@@demos/hidden -->
<!-- $$$demos/hidden-description -->
<div class="descr" id="details">
<p>Also missing an image, but that's OK as it's broken anyway.</p>
</div>
<!-- @@@demos/hidden -->
</body>
</html>
