<!DOCTYPE html>
<html lang="en">
<head>
  <meta charset="utf-8">
<!-- demo.qdoc -->
  <title>Demo | Test 6.2.11</title>
</head>
<body>
<h1 class="title">Demo</h1>
<pre class="cpp" translate="no">TEMPLATE = aux
message(&quot;Nothing to see here.&quot;)</pre>
