<!DOCTYPE html>
<html lang="en">
<head>
  <meta charset="utf-8">
<!-- type.cpp -->
  <meta name="description" content="A QML module with no member types.">
  <title>No QML Types Here | Test 6.2.11</title>
</head>
<body>
<div class="sidebar"><div class="sidebar-content" id="sidebar-content"></div></div>
<h1 class="title" translate="no">No QML Types Here</h1>
<!-- $$$Test.Empty-description -->
<div class="descr" id="details">
</div>
<!-- @@@Test.Empty -->
</body>
</html>
