<!DOCTYPE html>
<html lang="en">
<head>
  <meta charset="utf-8">
<!-- examples.qdoc -->
  <meta name="description" content="Example for documenting QML types.">
  <title>QML Documentation Example | Test 6.2.11</title>
</head>
<body>
<h1 class="title">QML Documentation Example</h1>
<pre class="cpp" translate="no">SOURCES       = componentset.pro \
                ProgressBar.qml \
                Switch.qml \
                TabWidget.qml \
                uicomponents.qdoc</pre>
