<?xml version="1.0" encoding="UTF-8"?>
<db:article xmlns:db="http://docbook.org/ns/docbook" xmlns:xlink="http://www.w3.org/1999/xlink" version="5.2" xml:lang="en">
<db:info>
<db:title>Trademarks</db:title>
<db:productname>TrademarkCommand</db:productname>
<db:titleabbrev>TrademarkCommand Reference Documentation</db:titleabbrev>
<db:abstract>
<db:para>A page that documents trademarks.</db:para>
</db:abstract>
</db:info>
<db:itemizedlist>
<db:listitem>
<db:para><db:link xlink:href="trademark-test.xml#acme-corp">Acme corp</db:link>.</db:para>
</db:listitem>
</db:itemizedlist>
<db:para><db:trademark>Foo</db:trademark> should have the trademark symbol but no link as we're already on the correct page.</db:para>
<db:para>For repeated keywords, the symbol is added only to the first instance:</db:para>
<db:para><db:trademark>Foobar</db:trademark> <db:phrase>Foobar</db:phrase> is a trademark.</db:para>
</db:article>
